python : Creating test database for alias 'default' ('test_gestion_integral_db')...
En línea: 1 Carácter: 1
+ python manage.py test -v 2 > test_output.txt 2>&1
+ ~~~~~~~~~~~~~~~~~~~~~~~~~~~~~~~~~~~~~~~~~~~~~~~~~
    + CategoryInfo          : NotSpecified: (Creating test d...ntegral_db')...:String) [], RemoteException
    + FullyQualifiedErrorId : NativeCommandError
 

Found 50 test(s).
Operations to perform:
  Synchronize unmigrated apps: corsheaders, messages, rest_framework, rest_framework_simplejwt, staticfiles
  Apply all migrations: admin, auth, catalogo, cobros, contenttypes, eventos, gastos, inventario, sessions, usuarios
Synchronizing apps without migrations:
  Creating tables...
    Running deferred SQL...
Running migrations:
  Applying contenttypes.0001_initial... OK
  Applying contenttypes.0002_remove_content_type_name... OK
  Applying auth.0001_initial... OK
  Applying auth.0002_alter_permission_name_max_length... OK
  Applying auth.0003_alter_user_email_max_length... OK
  Applying auth.0004_alter_user_username_opts... OK
  Applying auth.0005_alter_user_last_login_null... OK
  Applying auth.0006_require_contenttypes_0002... OK
  Applying auth.0007_alter_validators_add_error_messages... OK
  Applying auth.0008_alter_user_username_max_length... OK
  Applying auth.0009_alter_user_last_name_max_length... OK
  Applying auth.0010_alter_group_name_max_length... OK
  Applying auth.0011_update_proxy_permissions... OK
  Applying auth.0012_alter_user_first_name_max_length... OK
  Applying usuarios.0001_initial... OK
  Applying admin.0001_initial... OK
  Applying admin.0002_logentry_remove_auto_add... OK
  Applying admin.0003_logentry_add_action_flag_choices... OK
  Applying inventario.0001_initial... OK
  Applying inventario.0002_initial... OK
  Applying catalogo.0001_initial... OK
  Applying eventos.0001_initial... OK
  Applying cobros.0001_initial... OK
  Applying cobros.0002_initial... OK
  Applying cobros.0003_datostransferencia... OK
  Applying cobros.0004_pago_evidencia... OK
  Applying cobros.0005_alter_pago_fecha_pago... OK
  Applying eventos.0002_initial... OK
  Applying eventos.0003_presupuesto_cliente_rut... OK
  Applying eventos.0004_presupuesto_cliente_comuna_presupuesto_incluir_iva... OK
  Applying eventos.0005_itempresupuesto_producto_catalogo... OK
  Applying eventos.0006_alter_evento_fecha... OK
  Applying gastos.0001_initial... OK
  Applying gastos.0002_alter_gastofijo_anio_alter_gastofijo_mes... OK
  Applying sessions.0001_initial... OK
test_api_catalogo_list (catalogo.tests.CatalogoTests.test_api_catalogo_list) ... 
C:\Users\cuent\AppData\Roaming\Python\Python311\site-packages\django\core\handlers\base.py:61: UserWarning: No 
directory at: C:\Users\cuent\Downloads\BAQUETERIA\GESTION_INTEGRAL\backend\staticfiles\
  mw_instance = middleware(adapted_handler)
ok
test_api_create_catalogo (catalogo.tests.CatalogoTests.test_api_create_catalogo) ... FAIL
test_api_filter_categoria (catalogo.tests.CatalogoTests.test_api_filter_categoria) ... FAIL
test_catalogo_desc (catalogo.tests.CatalogoTests.test_catalogo_desc) ... ok
test_costo_base_calc (catalogo.tests.CatalogoTests.test_costo_base_calc) ... ok
test_create_catalogo_product (catalogo.tests.CatalogoTests.test_create_catalogo_product) ... ok
test_margen_estimado_calc (catalogo.tests.CatalogoTests.test_margen_estimado_calc) ... ERROR
test_protect_ingredient_delete (catalogo.tests.CatalogoTests.test_protect_ingredient_delete) ... ok
test_receta_item_add (catalogo.tests.CatalogoTests.test_receta_item_add) ... ok
test_receta_multiple_items (catalogo.tests.CatalogoTests.test_receta_multiple_items) ... ok
test_api_cobro_list (cobros.tests.CobrosTests.test_api_cobro_list) ... ok
test_api_datos_bancarios_public (cobros.tests.CobrosTests.test_api_datos_bancarios_public) ... ok
test_api_pago_create_recalculates (cobros.tests.CobrosTests.test_api_pago_create_recalculates) ... ok
test_api_seguimiento_create (cobros.tests.CobrosTests.test_api_seguimiento_create) ... ok
test_api_seguimiento_list (cobros.tests.CobrosTests.test_api_seguimiento_list) ... FAIL
test_create_cobro (cobros.tests.CobrosTests.test_create_cobro) ... ok
test_pago_registration (cobros.tests.CobrosTests.test_pago_registration) ... ok
test_saldo_pendiente_calc (cobros.tests.CobrosTests.test_saldo_pendiente_calc) ... ok
test_update_estado_pagado (cobros.tests.CobrosTests.test_update_estado_pagado) ... ok
test_update_estado_parcial (cobros.tests.CobrosTests.test_update_estado_parcial) ... ok
test_api_evento_detail (eventos.tests.EventoTests.test_api_evento_detail) ... ok
test_api_evento_list (eventos.tests.EventoTests.test_api_evento_list) ... ok
test_create_evento (eventos.tests.EventoTests.test_create_evento) ... ok
test_evento_default_state (eventos.tests.EventoTests.test_evento_default_state) ... ok
test_evento_state_change (eventos.tests.EventoTests.test_evento_state_change) ... ok
test_api_filter_presupuesto_evento (eventos.tests.PresupuestoTests.test_api_filter_presupuesto_evento) ... ok
test_api_item_crud_recalculates (eventos.tests.PresupuestoTests.test_api_item_crud_recalculates) ... ok
test_api_item_delete_recalculate (eventos.tests.PresupuestoTests.test_api_item_delete_recalculate) ... ok
test_api_item_update_recalculate (eventos.tests.PresupuestoTests.test_api_item_update_recalculate) ... ok
test_api_public_presupuesto (eventos.tests.PresupuestoTests.test_api_public_presupuesto) ... ok
test_api_search_evento (eventos.tests.PresupuestoTests.test_api_search_evento) ... ok
test_delete_evento_cascades (eventos.tests.PresupuestoTests.test_delete_evento_cascades) ... ok
test_evento_pax_positive (eventos.tests.PresupuestoTests.test_evento_pax_positive) ... ok
test_evento_totals_calc (eventos.tests.PresupuestoTests.test_evento_totals_calc) ... ok
test_export_presupuesto_exists (eventos.tests.PresupuestoTests.test_export_presupuesto_exists) ... ok
test_item_margen (eventos.tests.PresupuestoTests.test_item_margen) ... ok
test_presupuesto_descuento (eventos.tests.PresupuestoTests.test_presupuesto_descuento) ... ok
test_presupuesto_iva (eventos.tests.PresupuestoTests.test_presupuesto_iva) ... ok
test_presupuesto_num_gen (eventos.tests.PresupuestoTests.test_presupuesto_num_gen) ... ok
test_presupuesto_recalculate (eventos.tests.PresupuestoTests.test_presupuesto_recalculate) ... ok
test_ajuste_stock (inventario.tests.InventarioTests.test_ajuste_stock) ... ok
test_api_producto_list (inventario.tests.InventarioTests.test_api_producto_list) ... ok
test_create_producto (inventario.tests.InventarioTests.test_create_producto) ... ok
test_entrada_stock (inventario.tests.InventarioTests.test_entrada_stock) ... ok
test_margen_calc (inventario.tests.InventarioTests.test_margen_calc) ... ok
test_movimiento_usuario (inventario.tests.InventarioTests.test_movimiento_usuario) ... ok
test_salida_stock (inventario.tests.InventarioTests.test_salida_stock) ... ok
test_stock_bajo_alert (inventario.tests.InventarioTests.test_stock_bajo_alert) ... ok
test_stock_negativo_check (inventario.tests.InventarioTests.test_stock_negativo_check) ... ok
test_valor_inventario_calc (inventario.tests.InventarioTests.test_valor_inventario_calc) ... ok

======================================================================
ERROR: test_margen_estimado_calc (catalogo.tests.CatalogoTests.test_margen_estimado_calc)
----------------------------------------------------------------------
Traceback (most recent call last):
  File "C:\Users\cuent\Downloads\BAQUETERIA\GESTION_INTEGRAL\backend\catalogo\tests.py", line 60, in 
test_margen_estimado_calc
    self.assertAlmostEqual(self.producto.margen_estimado, expected, places=2)
  File "C:\Python311\Lib\unittest\case.py", line 904, in assertAlmostEqual
    diff = abs(first - second)
               ~~~~~~^~~~~~~~
TypeError: unsupported operand type(s) for -: 'decimal.Decimal' and 'float'

======================================================================
FAIL: test_api_create_catalogo (catalogo.tests.CatalogoTests.test_api_create_catalogo)
----------------------------------------------------------------------
Traceback (most recent call last):
  File "C:\Users\cuent\Downloads\BAQUETERIA\GESTION_INTEGRAL\backend\catalogo\tests.py", line 107, in 
test_api_create_catalogo
    self.assertEqual(response.status_code, status.HTTP_201_CREATED)
AssertionError: 405 != 201

======================================================================
FAIL: test_api_filter_categoria (catalogo.tests.CatalogoTests.test_api_filter_categoria)
----------------------------------------------------------------------
Traceback (most recent call last):
  File "C:\Users\cuent\Downloads\BAQUETERIA\GESTION_INTEGRAL\backend\catalogo\tests.py", line 84, in 
test_api_filter_categoria
    self.assertEqual(len(response.data), 1)
AssertionError: 2 != 1

======================================================================
FAIL: test_api_seguimiento_list (cobros.tests.CobrosTests.test_api_seguimiento_list)
----------------------------------------------------------------------
Traceback (most recent call last):
  File "C:\Users\cuent\Downloads\BAQUETERIA\GESTION_INTEGRAL\backend\cobros\tests.py", line 111, in 
test_api_seguimiento_list
    self.assertEqual(len(response.data), 1)
AssertionError: 4 != 1

----------------------------------------------------------------------
Ran 50 tests in 19.968s

FAILED (failures=3, errors=1)
Destroying test database for alias 'default' ('test_gestion_integral_db')...

  Applying usuarios.0002_usuario_avatar... OK
System check identified no issues (0 silenced).
